
> starter_helpi@0.1.0 test
> react-scripts test --coverage

  console.log


      at Object.<anonymous> (src/App.tsx:35:9)

  console.warn
    No routes matched location "/"

      4 |
      5 | test('renders learn react link', () => {
    > 6 |   render(<App />);
        |         ^
      7 |   const linkElement = screen.getByText(/learn react/i);
      8 |   expect(linkElement).toBeInTheDocument();
      9 | });

      at Object.warning [as UNSAFE_warning] (node_modules/@remix-run/router/history.ts:501:49)
      at useRoutesImpl (node_modules/react-router/lib/hooks.tsx:451:5)
      at useRoutes (node_modules/react-router/lib/hooks.tsx:344:10)
      at Routes (node_modules/react-router/lib/components.tsx:507:10)
      at renderWithHooks (node_modules/react-dom/cjs/react-dom.development.js:16305:18)
      at mountIndeterminateComponent (node_modules/react-dom/cjs/react-dom.development.js:20074:13)
      at beginWork (node_modules/react-dom/cjs/react-dom.development.js:21587:16)
      at beginWork$1 (node_modules/react-dom/cjs/react-dom.development.js:27426:14)
      at performUnitOfWork (node_modules/react-dom/cjs/react-dom.development.js:26560:12)
      at workLoopSync (node_modules/react-dom/cjs/react-dom.development.js:26466:5)
      at renderRootSync (node_modules/react-dom/cjs/react-dom.development.js:26434:7)
      at performConcurrentWorkOnRoot (node_modules/react-dom/cjs/react-dom.development.js:25738:74)
      at flushActQueue (node_modules/react/cjs/react.development.js:2667:24)
      at act (node_modules/react/cjs/react.development.js:2582:11)
      at node_modules/@testing-library/react/dist/act-compat.js:63:25
      at renderRoot (node_modules/@testing-library/react/dist/pure.js:159:26)
      at render (node_modules/@testing-library/react/dist/pure.js:246:10)
      at Object.<anonymous> (src/App.test.tsx:6:9)
      at TestScheduler.scheduleTests (node_modules/@jest/core/build/TestScheduler.js:333:13)
      at runJest (node_modules/@jest/core/build/runJest.js:404:19)
      at _run10000 (node_modules/@jest/core/build/cli/index.js:320:7)
      at runCLI (node_modules/@jest/core/build/cli/index.js:173:3)

  console.error
    Warning: validateDOMNesting(...): <body> cannot appear as a child of <div>.
        at body
        at div
        at App (/home/runner/work/FinalProject/FinalProject/src/App.tsx:39:33)

      4 |
      5 | test('renders learn react link', () => {
    > 6 |   render(<App />);
        |         ^
      7 |   const linkElement = screen.getByText(/learn react/i);
      8 |   expect(linkElement).toBeInTheDocument();
      9 | });

      at printWarning (node_modules/react-dom/cjs/react-dom.development.js:86:30)
      at error (node_modules/react-dom/cjs/react-dom.development.js:60:7)
      at validateDOMNesting (node_modules/react-dom/cjs/react-dom.development.js:10847:7)
      at createInstance (node_modules/react-dom/cjs/react-dom.development.js:10930:5)
      at completeWork (node_modules/react-dom/cjs/react-dom.development.js:22187:28)
      at completeUnitOfWork (node_modules/react-dom/cjs/react-dom.development.js:26593:16)
      at performUnitOfWork (node_modules/react-dom/cjs/react-dom.development.js:26568:5)
      at workLoopSync (node_modules/react-dom/cjs/react-dom.development.js:26466:5)
      at renderRootSync (node_modules/react-dom/cjs/react-dom.development.js:26434:7)
      at performConcurrentWorkOnRoot (node_modules/react-dom/cjs/react-dom.development.js:25738:74)
      at flushActQueue (node_modules/react/cjs/react.development.js:2667:24)
      at act (node_modules/react/cjs/react.development.js:2582:11)
      at node_modules/@testing-library/react/dist/act-compat.js:63:25
      at renderRoot (node_modules/@testing-library/react/dist/pure.js:159:26)
      at render (node_modules/@testing-library/react/dist/pure.js:246:10)
      at Object.<anonymous> (src/App.test.tsx:6:9)
      at TestScheduler.scheduleTests (node_modules/@jest/core/build/TestScheduler.js:333:13)
      at runJest (node_modules/@jest/core/build/runJest.js:404:19)
      at _run10000 (node_modules/@jest/core/build/cli/index.js:320:7)
      at runCLI (node_modules/@jest/core/build/cli/index.js:173:3)

FAIL src/App.test.tsx
  ✕ renders learn react link (124 ms)

  ● renders learn react link

    TestingLibraryElementError: Unable to find an element with the text: /learn react/i. This could be because the text is broken up by multiple elements. In this case, you can provide a function for your text matcher to make your matcher more flexible.

    Ignored nodes: comments, script, style
    [36m<body>[39m
      [36m<div>[39m
        [36m<div>[39m
          [36m<body>[39m
            [36m<header>[39m
              [36m<h1[39m
                [33mclass[39m=[32m"title-header"[39m
              [36m>[39m
                [0m Career Helpi [0m
              [36m</h1>[39m
            [36m</header>[39m
            [36m<div[39m
              [33mclass[39m=[32m"background"[39m
            [36m/>[39m
            [36m<div[39m
              [33mstyle[39m=[32m"align-items: center;"[39m
            [36m>[39m
              [36m<div[39m
                [33mclass[39m=[32m"menu-bar"[39m
              [36m>[39m
                [36m<button[39m
                  [33mclass[39m=[32m"home-btn btn btn-primary"[39m
                  [33mid[39m=[32m"HOME"[39m
                  [33mtype[39m=[32m"button"[39m
                [36m>[39m
                  [36m<a[39m
                    [33mhref[39m=[32m"#/"[39m
                  [36m>[39m
                    [36m<svg[39m
                      [33mclass[39m=[32m"homeIcon"[39m
                      [33mfill[39m=[32m"currentColor"[39m
                      [33mheight[39m=[32m"1em"[39m
                      [33mstroke[39m=[32m"currentColor"[39m
                      [33mstroke-width[39m=[32m"0"[39m
                      [33mviewBox[39m=[32m"0 0 16 16"[39m
                      [33mwidth[39m=[32m"1em"[39m
                      [33mxmlns[39m=[32m"http://www.w3.org/2000/svg"[39m
                    [36m>[39m
                      [36m<path[39m
                        [33md[39m=[32m"M8.707 1.5a1 1 0 0 0-1.414 0L.646 8.146a.5.5 0 0 0 .708.708L8 2.207l6.646 6.647a.5.5 0 0 0 .708-.708L13 5.793V2.5a.5.5 0 0 0-.5-.5h-1a.5.5 0 0 0-.5.5v1.293z"[39m
                      [36m/>[39m
                      [36m<path[39m
                        [33md[39m=[32m"m8 3.293 6 6V13.5a1.5 1.5 0 0 1-1.5 1.5h-9A1.5 1.5 0 0 1 2 13.5V9.293z"[39m
                      [36m/>[39m
                    [36m</svg>[39m
                  [36m</a>[39m
                [36m</button>[39m
              [36m</div>[39m
              [36m<div>[39m
                [36m<div[39m
                  [33mid[39m=[32m"Typewriter"[39m
                [36m>[39m
                  [36m<div>[39m
                    [36m<div[39m
                      [33mclass[39m=[32m"typewriterMain"[39m
                    [36m>[39m
                      [36m<div[39m
                        [33mclass[39m=[32m"Typewriter"[39m
                        [33mdata-testid[39m=[32m"typewriter-wrapper"[39m
                      [36m>[39m
                        [36m<span[39m
                          [33mclass[39m=[32m"Typewriter__wrapper"[39m
                        [36m/>[39m
                        [36m<span[39m
                          [33mclass[39m=[32m"Typewriter__cursor"[39m
                        [36m>[39m
                          [0m|[0m
                        [36m</span>[39m
                      [36m</div>[39m
                    [36m</div>[39m
                  [36m</div>[39m
                [36m</div>[39m
                [36m<div[39m
                  [33mclass[39m=[32m"description_flexbox"[39m
                [36m>[39m
                  [36m<h3[39m
                    [33mclass[39m=[32m"differenceTitle"[39m
                  [36m>[39m
                    [0mWhat is The Difference Between the Simple and Detailed Quiz?[0m
                  [36m</h3>[39m
                  [36m<div[39m
                    [33mclass[39m=[32m"inner_description_flexbox"[39m
                  [36m>[39m
                    [36m<h4[39m
                      [33mclass[39m=[32m"description-title"[39m
                    [36m>[39m
                      [0mBasic[0m
                    [36m</h4>[39m
                    [36m<p>[39m
                      [0mThe basic career assessment is a compact, quicker version of the quiz which will allow users to get a narrowed down answer based on the preferences of the user through multiple choice.[0m
                    [36m</p>[39m
                    [36m<button[39m
                      [33mclass[39m=[32m"Career-Btn btn btn-primary"[39m
                      [33mtype[39m=[32m"button"[39m
                    [36m>[39m
                      [36m<a[39m
                        [33mhref[39m=[32m"#/basic_quiz"[39m
                      [36m>[39m
                        [0mStart Simple Quiz![0m
                      [36m</a>[39m
                    [36m</button>[39m
                  [36m</div>[39m
                  [36m<div[39m
                    [33mclass[39m=[32m"inner_description_flexbox"[39m
                  [36m>[39m
                    [36m<h4[39m
                      [33mclass[39m=[32m"description-title"[39m
                    [36m>[39m
                      [0mDetailed[0m
                    [36m</h4>[39m
                    [36m<p>[39m
                      [0mThe Detailed career assessment is an input based  quiz which will allow users to express their answers with as many sentences the might need. Then receive a tailored report from them made by AI assistant[0m
                    [36m</p>[39m
                    [36m<button[39m
                      [33mclass[39m=[32m"Career-Btn btn btn-primary"[39m
                      [33mtype[39m=[32m"button"[39m
                    [36m>[39m
                      [36m<a[39m
                        [33mhref[39m=[32m"#/detailed_quiz"[39m
                      [36m>[39m
                        [0mStart Detailed Quiz![0m
                      [36m</a>[39m
                    [36m</button>[39m
                  [36m</div>[39m
                [36m</div>[39m
              [36m</div>[39m
            [36m</div>[39m
            [36m<div[39m
              [33mclass[39m=[32m"page-bottom"[39m
            [36m>[39m
              [36m<form[39m
                [33mclass[39m=[32m"apiKey"[39m
              [36m>[39m
                [36m<label[39m
                  [33mclass[39m=[32m"form-label"[39m
                  [33mstyle[39m=[32m"font-size: 10px;"[39m
                [36m>[39m
                  [0mAPI Key:[0m
                  [36m<input[39m
                    [33mclass[39m=[32m"form-control"[39m
                    [33mplaceholder[39m=[32m"Insert API Key Here"[39m
                    [33mstyle[39m=[32m"width: 300px; font-size: 10px;"[39m
                    [33mtype[39m=[32m"password"[39m
                  [36m/>[39m
                [36m</label>[39m
                [36m<button[39m
                  [33mclass[39m=[32m"Submit-Button btn btn-primary"[39m
                  [33mtype[39m=[32m"button"[39m
                [36m>[39m
                  [0mSubmit[0m
                [36m</button>[39m
              [36m</form>[39m
            [36m</div>[39m
          [36m</body>[39m
        [36m</div>[39m
      [36m</div>[39m
    [36m</body>[39m

       5 | test('renders learn react link', () => {
       6 |   render(<App />);
    >  7 |   const linkElement = screen.getByText(/learn react/i);
         |                              ^
       8 |   expect(linkElement).toBeInTheDocument();
       9 | });
      10 |

      at Object.getElementError (node_modules/@testing-library/react/node_modules/@testing-library/dom/dist/config.js:37:19)
      at node_modules/@testing-library/react/node_modules/@testing-library/dom/dist/query-helpers.js:76:38
      at node_modules/@testing-library/react/node_modules/@testing-library/dom/dist/query-helpers.js:52:17
      at getByText (node_modules/@testing-library/react/node_modules/@testing-library/dom/dist/query-helpers.js:95:19)
      at Object.<anonymous> (src/App.test.tsx:7:30)
      at TestScheduler.scheduleTests (node_modules/@jest/core/build/TestScheduler.js:333:13)
      at runJest (node_modules/@jest/core/build/runJest.js:404:19)
      at _run10000 (node_modules/@jest/core/build/cli/index.js:320:7)
      at runCLI (node_modules/@jest/core/build/cli/index.js:173:3)

[0;33mOne of your dependencies, babel-preset-react-app, is importing the
"@babel/plugin-proposal-private-property-in-object" package without
declaring it in its dependencies. This is currently working because
"@babel/plugin-proposal-private-property-in-object" is already in your
node_modules folder for unrelated reasons, but it [1mmay break at any time[0;33m.

babel-preset-react-app is part of the create-react-app project, [1mwhich
is not maintianed anymore[0;33m. It is thus unlikely that this bug will
ever be fixed. Add "@babel/plugin-proposal-private-property-in-object" to
your devDependencies to work around this error. This will make this message
go away.[0m
  
-----------------------|---------|----------|---------|---------|-------------------
File                   | % Stmts | % Branch | % Funcs | % Lines | Uncovered Line #s 
-----------------------|---------|----------|---------|---------|-------------------
All files              |     9.2 |     8.33 |    4.76 |    9.86 |                   
 src                   |   36.66 |       25 |    12.5 |   36.66 |                   
  App.tsx              |   57.89 |       50 |   16.66 |   57.89 | 33,47-67          
  index.tsx            |       0 |      100 |     100 |       0 | 7-19              
  reportWebVitals.ts   |       0 |        0 |       0 |       0 | 3-10              
 src/DetailedQuestions |       0 |        0 |       0 |       0 |                   
  Detailed.tsx         |       0 |        0 |       0 |       0 | 17-152            
  Result.tsx           |       0 |      100 |       0 |       0 | 7-8               
 src/SimpleQuestions   |       0 |        0 |       0 |       0 |                   
  1.tsx                |       0 |      100 |       0 |       0 | 15-37             
  2.tsx                |       0 |      100 |       0 |       0 | 12-34             
  3.tsx                |       0 |      100 |       0 |       0 | 14-36             
  4.tsx                |       0 |      100 |       0 |       0 | 12-34             
  5.tsx                |       0 |      100 |       0 |       0 | 13-35             
  6.tsx                |       0 |      100 |       0 |       0 | 12-34             
  7.tsx                |       0 |      100 |       0 |       0 | 13-34             
  Results.tsx          |       0 |        0 |       0 |       0 | 9-54              
 src/components        |     100 |      100 |     100 |     100 |                   
  Typewriter.tsx       |     100 |      100 |     100 |     100 |                   
  tree.tsx             |     100 |      100 |     100 |     100 |                   
-----------------------|---------|----------|---------|---------|-------------------
Test Suites: 1 failed, 1 total
Tests:       1 failed, 1 total
Snapshots:   0 total
Time:        3.56 s
Ran all test suites.
